../Core/Inc/dwt_stm32_delay.h:25:22:DWT_Delay_us	24	static
../Core/Src/main.c:81:10:Read_HCSR04	16	static
../Core/Src/main.c:106:6:Servo1_Angle	16	static
../Core/Src/main.c:118:6:Servo2_Angle	16	static
../Core/Src/main.c:130:6:Servo3_Angle	16	static
../Core/Src/main.c:142:6:Servo4_Angle	16	static
../Core/Src/main.c:163:5:main	8	static
../Core/Src/main.c:270:6:SystemClock_Config	88	static
../Core/Src/main.c:317:13:MX_ADC1_Init	24	static
../Core/Src/main.c:369:13:MX_TIM1_Init	80	static
../Core/Src/main.c:446:13:MX_TIM2_Init	32	static
../Core/Src/main.c:492:13:MX_GPIO_Init	40	static
../Core/Src/main.c:530:6:Error_Handler	4	static,ignoring_inline_asm
